// Jest Snapshot v1, https://goo.gl/fbAQLP

exports[`Breadcrumb (Snapshot) Breadcrumb with query 1`] = `
<ul
  className="breadcrumb"
>
  <li
    className="breadcrumb__element"
  >
    Inicio
  </li>
</ul>
`;

exports[`Breadcrumb (Snapshot) Breadcrumb without query 1`] = `
<ul
  className="breadcrumb"
>
  <li
    className="breadcrumb__element"
  >
    Inicio
  </li>
</ul>
`;
